// Jest Snapshot v1, https://goo.gl/fbAQLP

exports[`renders correctly 1`] = `
<View
  accessible={false}
  enabled={true}
  keyboardVerticalOffset={0}
  onResponderGrant={[Function]}
  onResponderMove={[Function]}
  onResponderRelease={[Function]}
  onResponderTerminate={[Function]}
  onResponderTerminationRequest={[Function]}
  onStartShouldSetResponder={[Function]}
  style={
    Array [
      Object {
        "backgroundColor": "white",
        "flex": 1,
        "paddingTop": 30,
      },
      Object {
        "paddingBottom": 0,
      },
    ]
  }
>
  <Text
    accessible={true}
    allowFontScaling={true}
    ellipsizeMode="tail"
    style={
      Object {
        "color": "black",
        "fontSize": 20,
        "fontWeight": "700",
        "paddingLeft": 32,
        "paddingTop": 10,
        "textAlign": "left",
      }
    }
  >
     Item Name 
  </Text>
  <TextInput
    allowFontScaling={true}
    autoCapitalize="none"
    autoCorrect={false}
    onChangeText={[Function]}
    style={
      Object {
        "alignSelf": "center",
        "borderBottomColor": "darkgray",
        "borderBottomWidth": 0.7,
        "color": "black",
        "height": 40,
        "justifyContent": "center",
        "marginBottom": 20,
        "width": 300,
      }
    }
  />
  <Text
    accessible={true}
    allowFontScaling={true}
    ellipsizeMode="tail"
    style={
      Object {
        "color": "black",
        "fontSize": 20,
        "fontWeight": "700",
        "paddingLeft": 32,
        "paddingTop": 10,
        "textAlign": "left",
      }
    }
  >
     Item Price (USD) 
  </Text>
  <TextInput
    allowFontScaling={true}
    autoCapitalize="none"
    autoCorrect={false}
    keyboardType="number-pad"
    onChangeText={[Function]}
    style={
      Object {
        "alignSelf": "center",
        "borderBottomColor": "darkgray",
        "borderBottomWidth": 0.7,
        "color": "black",
        "height": 40,
        "justifyContent": "center",
        "marginBottom": 20,
        "width": 300,
      }
    }
  />
  <Text
    accessible={true}
    allowFontScaling={true}
    ellipsizeMode="tail"
    style={
      Object {
        "color": "black",
        "fontSize": 20,
        "fontWeight": "700",
        "paddingLeft": 32,
        "paddingVertical": 10,
        "textAlign": "left",
      }
    }
  >
     Item Category 
  </Text>
  <View
    style={
      Object {
        "alignSelf": "center",
        "width": 120,
      }
    }
  >
    <RCTPicker
      items={
        Array [
          Object {
            "label": "Furniture",
            "textColor": undefined,
            "value": "Furniture",
          },
          Object {
            "label": "Textbook",
            "textColor": undefined,
            "value": "Textbooks",
          },
          Object {
            "label": "Electronic",
            "textColor": undefined,
            "value": "Electronics",
          },
        ]
      }
      onChange={[Function]}
      onResponderTerminationRequest={[Function]}
      onStartShouldSetResponder={[Function]}
      selectedIndex={0}
      style={
        Array [
          Object {
            "height": 216,
          },
          Object {
            "fontSize": 18,
            "height": 110,
          },
        ]
      }
    />
  </View>
  <Text
    accessible={true}
    allowFontScaling={true}
    ellipsizeMode="tail"
    style={
      Object {
        "color": "black",
        "fontSize": 20,
        "fontWeight": "700",
        "paddingLeft": 32,
        "paddingTop": 10,
        "textAlign": "left",
      }
    }
  >
     Item Description 
  </Text>
  <TextInput
    allowFontScaling={true}
    autoCapitalize="none"
    autoCorrect={true}
    onChangeText={[Function]}
    style={
      Object {
        "alignSelf": "center",
        "borderBottomColor": "darkgray",
        "borderBottomWidth": 0.7,
        "color": "black",
        "height": 40,
        "justifyContent": "center",
        "marginBottom": 20,
        "width": 300,
      }
    }
  />
  <View
    style={
      Array [
        Object {
          "marginLeft": 15,
          "marginRight": 15,
        },
        Object {
          "shadowColor": "rgba(0,0,0, .4)",
          "shadowOffset": Object {
            "height": 1,
            "width": 1,
          },
          "shadowOpacity": 1,
          "shadowRadius": 1,
        },
        Object {
          "alignSelf": "center",
          "paddingTop": 10,
          "width": 300,
        },
        Object {
          "borderRadius": 5,
        },
      ]
    }
  >
    <View
      accessible={true}
      isTVSelectable={true}
      onResponderGrant={[Function]}
      onResponderMove={[Function]}
      onResponderRelease={[Function]}
      onResponderTerminate={[Function]}
      onResponderTerminationRequest={[Function]}
      onStartShouldSetResponder={[Function]}
      style={null}
    >
      <View
        pointerEvents="box-only"
        style={
          Array [
            Object {
              "alignItems": "center",
              "backgroundColor": "#9E9E9E",
              "flexDirection": "row",
              "justifyContent": "center",
              "padding": 19,
            },
            undefined,
            undefined,
            undefined,
            undefined,
            undefined,
            Object {
              "backgroundColor": "teal",
            },
            Object {
              "borderRadius": 5,
            },
            Object {
              "padding": 12,
            },
            undefined,
            undefined,
            undefined,
            undefined,
            undefined,
            undefined,
          ]
        }
      >
        <Text
          accessible={true}
          allowFontScaling={true}
          ellipsizeMode="tail"
          style={
            Array [
              Object {},
              undefined,
              undefined,
              undefined,
              undefined,
              undefined,
              undefined,
              undefined,
              undefined,
              undefined,
              Array [
                Object {
                  "color": "white",
                  "fontSize": 20,
                },
                Object {
                  "color": "white",
                },
                Object {
                  "fontSize": 17.5,
                },
                undefined,
                undefined,
                Object {
                  "fontWeight": "bold",
                },
                undefined,
                undefined,
              ],
            ]
          }
        >
          Add Item
        </Text>
      </View>
    </View>
  </View>
</View>
`;
