// Jest Snapshot v1, https://goo.gl/fbAQLP

exports[`renders correctly 1`] = `
<View
  accessible={false}
  onResponderGrant={[Function]}
  onResponderMove={[Function]}
  onResponderRelease={[Function]}
  onResponderTerminate={[Function]}
  onResponderTerminationRequest={[Function]}
  onStartShouldSetResponder={[Function]}
  style={
    Object {
      "backgroundColor": "white",
      "flex": 1,
    }
  }
>
  <Text
    accessible={true}
    allowFontScaling={false}
    ellipsizeMode="tail"
    onPress={[Function]}
    style={
      Array [
        Object {
          "color": "teal",
          "fontSize": 45,
        },
        Object {
          "paddingVertical": 30,
        },
        Object {
          "fontFamily": "Entypo",
          "fontStyle": "normal",
          "fontWeight": "normal",
        },
      ]
    }
  >
    ï……
  </Text>
  <View
    style={
      Object {
        "backgroundColor": "white",
        "flex": 1,
        "justifyContent": "center",
        "paddingBottom": 90,
      }
    }
  >
    <Text
      accessible={true}
      allowFontScaling={true}
      ellipsizeMode="tail"
      style={
        Object {
          "color": "black",
          "fontSize": 20,
          "fontWeight": "700",
          "paddingLeft": 32,
          "textAlign": "left",
        }
      }
    >
       Confirmation Code 
    </Text>
    <TextInput
      allowFontScaling={true}
      autoCapitalize="none"
      autoCorrect={false}
      keyboardType="number-pad"
      onChangeText={[Function]}
      placeholder="e.g.: 123456"
      placeholderTextColor="gray"
      style={
        Object {
          "alignContent": "center",
          "alignSelf": "center",
          "borderBottomColor": "darkgray",
          "borderBottomWidth": 0.7,
          "color": "black",
          "height": 50,
          "marginBottom": 20,
          "width": 300,
        }
      }
      underlineColorAndroid="transparent"
    />
    <View
      style={
        Array [
          Object {
            "marginLeft": 15,
            "marginRight": 15,
          },
          undefined,
          Object {
            "alignSelf": "center",
            "paddingTop": 10,
            "width": 300,
          },
          Object {
            "borderRadius": 5,
          },
        ]
      }
    >
      <View
        accessible={true}
        isTVSelectable={true}
        onResponderGrant={[Function]}
        onResponderMove={[Function]}
        onResponderRelease={[Function]}
        onResponderTerminate={[Function]}
        onResponderTerminationRequest={[Function]}
        onStartShouldSetResponder={[Function]}
        style={null}
      >
        <View
          pointerEvents="box-only"
          style={
            Array [
              Object {
                "alignItems": "center",
                "backgroundColor": "#9E9E9E",
                "flexDirection": "row",
                "justifyContent": "center",
                "padding": 19,
              },
              undefined,
              undefined,
              undefined,
              undefined,
              undefined,
              Object {
                "backgroundColor": "teal",
              },
              Object {
                "borderRadius": 5,
              },
              Object {
                "padding": 12,
              },
              undefined,
              undefined,
              undefined,
              undefined,
              undefined,
              undefined,
            ]
          }
        >
          <Text
            accessible={true}
            allowFontScaling={true}
            ellipsizeMode="tail"
            style={
              Array [
                Object {},
                undefined,
                undefined,
                undefined,
                undefined,
                undefined,
                undefined,
                undefined,
                undefined,
                undefined,
                Array [
                  Object {
                    "color": "white",
                    "fontSize": 20,
                  },
                  Object {
                    "color": "white",
                  },
                  Object {
                    "fontSize": 17.5,
                  },
                  undefined,
                  undefined,
                  Object {
                    "fontWeight": "bold",
                  },
                  undefined,
                  undefined,
                ],
              ]
            }
          >
            Confirm Sign Up
          </Text>
        </View>
      </View>
    </View>
  </View>
</View>
`;
