// Jest Snapshot v1, https://goo.gl/fbAQLP

exports[`renders correctly 1`] = `
<View
  style={
    Object {
      "flex": 1,
    }
  }
>
  <RCTScrollView
    centerContent={true}
    contentContainerStyle={
      Object {
        "alignItems": "center",
        "backgroundColor": "white",
        "flex": 1,
        "paddingVertical": 150,
      }
    }
  >
    <View>
      <Text
        accessible={true}
        allowFontScaling={true}
        ellipsizeMode="tail"
        style={
          Object {
            "color": "black",
            "fontSize": 36,
            "fontWeight": "700",
            "padding": 30,
            "textShadowColor": "#dddddd",
            "textShadowRadius": 15,
          }
        }
      >
         SlugMarket 
      </Text>
      <TextInput
        allowFontScaling={true}
        autoCapitalize="none"
        autoCorrect={false}
        onChangeText={[Function]}
        placeholder="UCSC email"
        placeholderTextColor="gray"
        style={
          Object {
            "alignSelf": "center",
            "borderBottomColor": "darkgray",
            "borderBottomWidth": 0.7,
            "color": "black",
            "height": 50,
            "justifyContent": "center",
            "marginBottom": 20,
            "width": 300,
          }
        }
      />
      <TextInput
        allowFontScaling={true}
        autoCapitalize="none"
        autoCorrect={false}
        onChangeText={[Function]}
        placeholder="password"
        placeholderTextColor="gray"
        secureTextEntry={true}
        style={
          Object {
            "alignSelf": "center",
            "borderBottomColor": "darkgray",
            "borderBottomWidth": 0.7,
            "color": "black",
            "height": 50,
            "justifyContent": "center",
            "marginBottom": 20,
            "width": 300,
          }
        }
      />
      <View
        style={
          Array [
            Object {
              "marginLeft": 15,
              "marginRight": 15,
            },
            Object {
              "shadowColor": "rgba(0,0,0, .4)",
              "shadowOffset": Object {
                "height": 1,
                "width": 1,
              },
              "shadowOpacity": 1,
              "shadowRadius": 1,
            },
            Object {
              "paddingVertical": 20,
              "width": 300,
            },
            Object {
              "borderRadius": 5,
            },
          ]
        }
      >
        <View
          accessible={true}
          isTVSelectable={true}
          onResponderGrant={[Function]}
          onResponderMove={[Function]}
          onResponderRelease={[Function]}
          onResponderTerminate={[Function]}
          onResponderTerminationRequest={[Function]}
          onStartShouldSetResponder={[Function]}
          style={null}
        >
          <View
            pointerEvents="box-only"
            style={
              Array [
                Object {
                  "alignItems": "center",
                  "backgroundColor": "#9E9E9E",
                  "flexDirection": "row",
                  "justifyContent": "center",
                  "padding": 19,
                },
                undefined,
                undefined,
                undefined,
                undefined,
                undefined,
                Object {
                  "backgroundColor": "teal",
                },
                Object {
                  "borderRadius": 5,
                },
                Object {
                  "padding": 12,
                },
                undefined,
                undefined,
                undefined,
                undefined,
                undefined,
                undefined,
              ]
            }
          >
            <Text
              accessible={true}
              allowFontScaling={true}
              ellipsizeMode="tail"
              style={
                Array [
                  Object {},
                  undefined,
                  undefined,
                  undefined,
                  undefined,
                  undefined,
                  undefined,
                  undefined,
                  undefined,
                  undefined,
                  Array [
                    Object {
                      "color": "white",
                      "fontSize": 20,
                    },
                    Object {
                      "color": "white",
                    },
                    Object {
                      "fontSize": 17.5,
                    },
                    undefined,
                    undefined,
                    Object {
                      "fontWeight": "bold",
                    },
                    undefined,
                    undefined,
                  ],
                ]
              }
            >
              Sign In
            </Text>
          </View>
        </View>
      </View>
      <View
        style={
          Array [
            Object {
              "marginLeft": 15,
              "marginRight": 15,
            },
            Object {
              "shadowColor": "rgba(0,0,0, .4)",
              "shadowOffset": Object {
                "height": 1,
                "width": 1,
              },
              "shadowOpacity": 1,
              "shadowRadius": 1,
            },
            Object {
              "width": 300,
            },
            Object {
              "borderRadius": 5,
            },
          ]
        }
      >
        <View
          accessible={true}
          isTVSelectable={true}
          onResponderGrant={[Function]}
          onResponderMove={[Function]}
          onResponderRelease={[Function]}
          onResponderTerminate={[Function]}
          onResponderTerminationRequest={[Function]}
          onStartShouldSetResponder={[Function]}
          style={null}
        >
          <View
            pointerEvents="box-only"
            style={
              Array [
                Object {
                  "alignItems": "center",
                  "backgroundColor": "#9E9E9E",
                  "flexDirection": "row",
                  "justifyContent": "center",
                  "padding": 19,
                },
                undefined,
                undefined,
                undefined,
                undefined,
                undefined,
                Object {
                  "backgroundColor": "teal",
                },
                Object {
                  "borderRadius": 5,
                },
                Object {
                  "padding": 12,
                },
                undefined,
                undefined,
                undefined,
                undefined,
                undefined,
                undefined,
              ]
            }
          >
            <Text
              accessible={true}
              allowFontScaling={true}
              ellipsizeMode="tail"
              style={
                Array [
                  Object {},
                  undefined,
                  undefined,
                  undefined,
                  undefined,
                  undefined,
                  undefined,
                  undefined,
                  undefined,
                  undefined,
                  Array [
                    Object {
                      "color": "white",
                      "fontSize": 20,
                    },
                    Object {
                      "color": "white",
                    },
                    Object {
                      "fontSize": 17.5,
                    },
                    undefined,
                    undefined,
                    Object {
                      "fontWeight": "bold",
                    },
                    undefined,
                    undefined,
                  ],
                ]
              }
            >
              Sign Up
            </Text>
          </View>
        </View>
      </View>
    </View>
  </RCTScrollView>
</View>
`;
